[WARNING] Global which is neither Integer nor Float
@__CPROVER_thread_priorities = constant [3 x i32] [i32 5, i32 2, i32 3], align 4
It is not being monitored (there may be errors en route)
[WARNING] Global which is neither Integer nor Float
@.str = private unnamed_addr constant [20 x i8] c"c::task_communicate\00", align 1
It is not being monitored (there may be errors en route)
[WARNING] Global which is neither Integer nor Float
@.str.1 = private unnamed_addr constant [17 x i8] c"c::task_measure1\00", align 1
It is not being monitored (there may be errors en route)
[WARNING] Global which is neither Integer nor Float
@.str.2 = private unnamed_addr constant [17 x i8] c"c::task_measure2\00", align 1
It is not being monitored (there may be errors en route)
[WARNING] Global which is neither Integer nor Float
@__CPROVER_threads = global [3 x i8*] [i8* getelementptr inbounds ([20 x i8], [20 x i8]* @.str, i32 0, i32 0), i8* getelementptr inbounds ([17 x i8], [17 x i8]* @.str.1, i32 0, i32 0), i8* getelementptr inbounds ([17 x i8], [17 x i8]* @.str.2, i32 0, i32 0)], align 16
It is not being monitored (there may be errors en route)
[WARNING] Global which is neither Integer nor Float
@.str.3 = private unnamed_addr constant [17 x i8] c"tickCounter == 0\00", align 1
It is not being monitored (there may be errors en route)
[WARNING] Global which is neither Integer nor Float
@.str.4 = private unnamed_addr constant [7 x i8] c"main.c\00", align 1
It is not being monitored (there may be errors en route)
[WARNING] Global which is neither Integer nor Float
@__PRETTY_FUNCTION__.task_measure1 = private unnamed_addr constant [28 x i8] c"void *task_measure1(void *)\00", align 1
It is not being monitored (there may be errors en route)
[WARNING] Global which is neither Integer nor Float
@__PRETTY_FUNCTION__.task_measure2 = private unnamed_addr constant [28 x i8] c"void *task_measure2(void *)\00", align 1
It is not being monitored (there may be errors en route)
[WARNING] Global which is neither Integer nor Float
@.str.5 = private unnamed_addr constant [19 x i8] c"numberOfRecords==0\00", align 1
It is not being monitored (there may be errors en route)
[WARNING] Global which is neither Integer nor Float
@__PRETTY_FUNCTION__.task_communicate = private unnamed_addr constant [31 x i8] c"void *task_communicate(void *)\00", align 1
It is not being monitored (there may be errors en route)
[WARNING] Global which is neither Integer nor Float
@msgBuffer = common global [64 x i32] zeroinitializer, align 16
It is not being monitored (there may be errors en route)
[WARNING] Initializing unhandled global type: @__CPROVER_thread_priorities = constant [3 x i32] [i32 5, i32 2, i32 3], align 4
Setting to default initial value
[WARNING] Initializing unhandled global type: @.str = private unnamed_addr constant [20 x i8] c"c::task_communicate\00", align 1
Setting to default initial value
[WARNING] Initializing unhandled global type: @.str.1 = private unnamed_addr constant [17 x i8] c"c::task_measure1\00", align 1
Setting to default initial value
[WARNING] Initializing unhandled global type: @.str.2 = private unnamed_addr constant [17 x i8] c"c::task_measure2\00", align 1
Setting to default initial value
[WARNING] Initializing unhandled global type: @__CPROVER_threads = global [3 x i8*] [i8* getelementptr inbounds ([20 x i8], [20 x i8]* @.str, i32 0, i32 0), i8* getelementptr inbounds ([17 x i8], [17 x i8]* @.str.1, i32 0, i32 0), i8* getelementptr inbounds ([17 x i8], [17 x i8]* @.str.2, i32 0, i32 0)], align 16
Setting to default initial value
[WARNING] Initializing unhandled global type: @.str.3 = private unnamed_addr constant [17 x i8] c"tickCounter == 0\00", align 1
Setting to default initial value
[WARNING] Initializing unhandled global type: @.str.4 = private unnamed_addr constant [7 x i8] c"main.c\00", align 1
Setting to default initial value
[WARNING] Initializing unhandled global type: @__PRETTY_FUNCTION__.task_measure1 = private unnamed_addr constant [28 x i8] c"void *task_measure1(void *)\00", align 1
Setting to default initial value
[WARNING] Initializing unhandled global type: @__PRETTY_FUNCTION__.task_measure2 = private unnamed_addr constant [28 x i8] c"void *task_measure2(void *)\00", align 1
Setting to default initial value
[WARNING] Initializing unhandled global type: @.str.5 = private unnamed_addr constant [19 x i8] c"numberOfRecords==0\00", align 1
Setting to default initial value
[WARNING] Initializing unhandled global type: @__PRETTY_FUNCTION__.task_communicate = private unnamed_addr constant [31 x i8] c"void *task_communicate(void *)\00", align 1
Setting to default initial value
[WARNING] Initializing unhandled global type: @msgBuffer = common global [64 x i32] zeroinitializer, align 16
Setting to default initial value
Interference Iteration: 1
Analyzing thread: 0
Analyzing thread: 1
Analyzing thread: 2
Analyzing thread: 3
Interference Iteration: 2
Analyzing thread: 0
Analyzing thread: 1
Analyzing thread: 2
Analyzing thread: 3
Interference Iteration: 3
Analyzing thread: 0
Analyzing thread: 1
Analyzing thread: 2
Analyzing thread: 3
Interference Iteration: 4
Analyzing thread: 0
Analyzing thread: 1
Analyzing thread: 2
