/home/chungha/base_llvm/llvm/build/bin/opt: main.ll: error: Could not open input file: No such file or directory
