[WARNING] Global which is neither Integer nor Float
@.str = private unnamed_addr constant [2 x i8] c"0\00", align 1
It is not being monitored (there may be errors en route)
[WARNING] Global which is neither Integer nor Float
@.str.1 = private unnamed_addr constant [7 x i8] c"main.c\00", align 1
It is not being monitored (there may be errors en route)
[WARNING] Global which is neither Integer nor Float
@__PRETTY_FUNCTION__.Timer_A = private unnamed_addr constant [22 x i8] c"void *Timer_A(void *)\00", align 1
It is not being monitored (there may be errors en route)
[WARNING] Global which is neither Integer nor Float
@__PRETTY_FUNCTION__.Timer_B = private unnamed_addr constant [22 x i8] c"void *Timer_B(void *)\00", align 1
It is not being monitored (there may be errors en route)
[WARNING] Global which is neither Integer nor Float
@__PRETTY_FUNCTION__.Timer_Force = private unnamed_addr constant [26 x i8] c"void *Timer_Force(void *)\00", align 1
It is not being monitored (there may be errors en route)
Rules: (declare-fun dom ((_ BitVec 16) (_ BitVec 16)) Bool)
(declare-fun postDom ((_ BitVec 16) (_ BitVec 16)) Bool)
(declare-fun st ((_ BitVec 16) (_ BitVec 16)) Bool)
(declare-fun ld ((_ BitVec 16) (_ BitVec 16)) Bool)
(declare-rel ld ((_ BitVec 16) (_ BitVec 16)))
(declare-rel dom ((_ BitVec 16) (_ BitVec 16)))
(declare-rel postDom ((_ BitVec 16) (_ BitVec 16)))
(declare-rel st ((_ BitVec 16) (_ BitVec 16)))
(declare-var A (_ BitVec 16))
(declare-var B (_ BitVec 16))
(declare-var C (_ BitVec 16))
(rule (=> (and (dom B C) (dom A B)) (dom A C)))
(rule (=> (and (postDom B C) (postDom A B)) (postDom A C)))
(rule (st #x0027 #x000c))
(rule (postDom #x002a #x0027))
(rule (dom #x0009 #x000a))
(rule (postDom #x000a #x0009))
(rule (dom #x000a #x000b))
(rule (postDom #x000b #x000a))
(rule (st #x0009 #x000c))
(rule (ld #x000a #x000c))
(rule (postDom #x000d #x000b))
(rule (dom #x000b #x000e))
(rule (dom #x000b #x000d))
(rule (dom #x000e #x000f))
(rule (postDom #x000f #x000e))
(rule (dom #x000d #x0010))
(rule (postDom #x0010 #x000d))
(rule (ld #x000d #x000c))
(rule (dom #x0010 #x0011))
(rule (dom #x0010 #x0012))
(rule (dom #x0011 #x0013))
(rule (postDom #x0013 #x0011))
(rule (dom #x0013 #x0014))
(rule (postDom #x0014 #x0013))
(rule (dom #x0014 #x0015))
(rule (postDom #x0015 #x0014))
(rule (ld #x0011 #x0016))
(rule (ld #x0013 #x0017))
(rule (st #x0014 #x0018))
(rule (postDom #x0012 #x0015))
(rule (postDom #x0012 #x0010))
(rule (dom #x0019 #x001a))
(rule (postDom #x001a #x0019))
(rule (dom #x001a #x001b))
(rule (postDom #x001b #x001a))
(rule (st #x0019 #x000c))
(rule (ld #x001a #x000c))
(rule (postDom #x001c #x001b))
(rule (dom #x001b #x001d))
(rule (dom #x001b #x001c))
(rule (dom #x001d #x001e))
(rule (postDom #x001e #x001d))
(rule (dom #x001c #x001f))
(rule (postDom #x001f #x001c))
(rule (ld #x001c #x000c))
(rule (dom #x001f #x0020))
(rule (dom #x001f #x0021))
(rule (dom #x0020 #x0022))
(rule (postDom #x0022 #x0020))
(rule (dom #x0022 #x0023))
(rule (postDom #x0023 #x0022))
(rule (ld #x0020 #x0016))
(rule (st #x0022 #x0018))
(rule (postDom #x0021 #x0023))
(rule (postDom #x0021 #x001f))
(rule (dom #x0024 #x0025))
(rule (postDom #x0025 #x0024))
(rule (dom #x0025 #x0026))
(rule (postDom #x0026 #x0025))
(rule (st #x0024 #x000c))
(rule (ld #x0025 #x000c))
(rule (postDom #x0027 #x0026))
(rule (dom #x0026 #x0028))
(rule (dom #x0026 #x0027))
(rule (dom #x0028 #x0029))
(rule (postDom #x0029 #x0028))
(rule (dom #x0027 #x002a))

[WARNING] Initializing unhandled global type: @.str = private unnamed_addr constant [2 x i8] c"0\00", align 1
Setting to default initial value
[WARNING] Initializing unhandled global type: @.str.1 = private unnamed_addr constant [7 x i8] c"main.c\00", align 1
Setting to default initial value
[WARNING] Initializing unhandled global type: @__PRETTY_FUNCTION__.Timer_A = private unnamed_addr constant [22 x i8] c"void *Timer_A(void *)\00", align 1
Setting to default initial value
[WARNING] Initializing unhandled global type: @__PRETTY_FUNCTION__.Timer_B = private unnamed_addr constant [22 x i8] c"void *Timer_B(void *)\00", align 1
Setting to default initial value
[WARNING] Initializing unhandled global type: @__PRETTY_FUNCTION__.Timer_Force = private unnamed_addr constant [26 x i8] c"void *Timer_Force(void *)\00", align 1
Setting to default initial value
Interference Iteration: 1
Analyzing thread: 0
Analyzing thread: 1
Analyzing thread: 2
Analyzing thread: 3
Interference Iteration: 2
Analyzing thread: 0
Analyzing thread: 1
Analyzing thread: 2
Analyzing thread: 3
Interference Iteration: 3
Analyzing thread: 0
Analyzing thread: 1
Analyzing thread: 2
Analyzing thread: 3
v31: @timerCount = global i32 0, align 4
v39: @LED_OUT = common global i32 0, align 4
v49: i8* %unused
v32: @LED_0 = common global i32 0, align 4
v33: @LED_1 = common global i32 0, align 4
v34: @P1OUT = common global i32 0, align 4
v0:   %0 = load i32, i32* @timerCount, align 4
v35: @WDTPW = common global i32 0, align 4
v36: @WDTHOLD = common global i32 0, align 4
v37: @WDTCTL = common global i32 0, align 4
v38: @LED_DIR = common global i32 0, align 4
v50: i8* %0
v52: i32 %2
v40: @CCIE = common global i32 0, align 4
v41: @CCTL0 = common global i32 0, align 4
v42: @TASSEL_2 = common global i32 0, align 4
v43: @MC_2 = common global i32 0, align 4
v44: @TACTL = common global i32 0, align 4
v45: @WDTCLT = common global i32 0, align 4
v46: @cnt1 = common global i32 0, align 4
v47: @cnt2 = common global i32 0, align 4
v48: @cnt3 = common global i32 0, align 4
v1:   %cmp = icmp ne i32 %0, 0
v51: i8* %1
v53: i8* %3
v2:   %1 = load i32, i32* @timerCount, align 4
v3:   %cmp1 = icmp eq i32 %1, 0
v4:   %2 = load i32, i32* @LED_0, align 4
v5:   %3 = load i32, i32* @LED_1, align 4
v6:   %add = add nsw i32 %2, %3
v54: i8* %unused
v55: i8* %unused
v7:   %0 = load i32, i32* @timerCount, align 4
v8:   %cmp = icmp ne i32 %0, 0
v57: %union.pthread_attr_t* %1
v9:   %1 = load i32, i32* @timerCount, align 4
v10:   %cmp1 = icmp eq i32 %1, 0
v11:   %2 = load i32, i32* @LED_0, align 4
v12:   %0 = load i32, i32* @timerCount, align 4
v13:   %cmp = icmp ne i32 %0, 0
v14:   %t1 = alloca i64, align 8
v15:   %t2 = alloca i64, align 8
v16:   %t3 = alloca i64, align 8
v17:   %0 = load i32, i32* @WDTPW, align 4
v18:   %1 = load i32, i32* @WDTHOLD, align 4
v19:   %add = add nsw i32 %0, %1
v20:   %2 = load i32, i32* @LED_0, align 4
v21:   %3 = load i32, i32* @LED_1, align 4
v22:   %add1 = add nsw i32 %2, %3
v23:   %4 = load i32, i32* @LED_0, align 4
v24:   %5 = load i32, i32* @LED_1, align 4
v25:   %add2 = add nsw i32 %4, %5
v26:   %add3 = add nsw i32 1, %add2
v27:   %6 = load i32, i32* @CCIE, align 4
v28:   %7 = load i32, i32* @TASSEL_2, align 4
v29:   %8 = load i32, i32* @MC_2, align 4
v30:   %add4 = add nsw i32 %7, %8
v56: i64* %0
v58: i8* (i8*)* %2
v59: i8* %3
==== Timer_A() Results ====
BasicBlock: 
entry:
  store i32 1, i32* @timerCount, align 4
  %0 = load i32, i32* @timerCount, align 4
  %cmp = icmp ne i32 %0, 0
  br i1 %cmp, label %if.then, label %if.end
Facts: interval of dim (60,0):
      v0 in [-oo,+oo]
      v1 in [-oo,+oo]
     v10 in [-oo,+oo]
     v11 in [-oo,+oo]
     v12 in [-oo,+oo]
     v13 in [-oo,+oo]
     v14 in [-oo,+oo]
     v15 in [-oo,+oo]
     v16 in [-oo,+oo]
     v17 in [-oo,+oo]
     v18 in [-oo,+oo]
     v19 in [-oo,+oo]
      v2 in [-oo,+oo]
     v20 in [-oo,+oo]
     v21 in [-oo,+oo]
     v22 in [-oo,+oo]
     v23 in [-oo,+oo]
     v24 in [-oo,+oo]
     v25 in [-oo,+oo]
     v26 in [-oo,+oo]
     v27 in [-oo,+oo]
     v28 in [-oo,+oo]
     v29 in [-oo,+oo]
      v3 in [-oo,+oo]
     v30 in [-oo,+oo]
     v31 in [0,0]
     v32 in [0,0]
     v33 in [0,0]
     v34 in [0,0]
     v35 in [0,0]
     v36 in [0,0]
     v37 in [0,0]
     v38 in [0,0]
     v39 in [0,0]
      v4 in [-oo,+oo]
     v40 in [0,0]
     v41 in [0,0]
     v42 in [0,0]
     v43 in [0,0]
     v44 in [0,0]
     v45 in [0,0]
     v46 in [0,0]
     v47 in [0,0]
     v48 in [0,0]
     v49 in [-oo,+oo]
      v5 in [-oo,+oo]
     v50 in [-oo,+oo]
     v51 in [-oo,+oo]
     v52 in [-oo,+oo]
     v53 in [-oo,+oo]
     v54 in [-oo,+oo]
     v55 in [-oo,+oo]
     v56 in [-oo,+oo]
     v57 in [-oo,+oo]
     v58 in [-oo,+oo]
     v59 in [-oo,+oo]
      v6 in [-oo,+oo]
      v7 in [-oo,+oo]
      v8 in [-oo,+oo]
      v9 in [-oo,+oo]

BasicBlock: 
if.then:                                          ; preds = %entry
  call void @__assert_fail(i8* getelementptr inbounds ([2 x i8], [2 x i8]* @.str, i32 0, i32 0), i8* getelementptr inbounds ([7 x i8], [7 x i8]* @.str.1, i32 0, i32 0), i32 100, i8* getelementptr inbounds ([22 x i8], [22 x i8]* @__PRETTY_FUNCTION__.Timer_A, i32 0, i32 0)) #3
  unreachable
Facts: interval of dim (60,0):
      v0 in [0,1]
      v1 in [1,1]
     v10 in [-oo,+oo]
     v11 in [-oo,+oo]
     v12 in [-oo,+oo]
     v13 in [-oo,+oo]
     v14 in [-oo,+oo]
     v15 in [-oo,+oo]
     v16 in [-oo,+oo]
     v17 in [-oo,+oo]
     v18 in [-oo,+oo]
     v19 in [-oo,+oo]
      v2 in [-oo,+oo]
     v20 in [-oo,+oo]
     v21 in [-oo,+oo]
     v22 in [-oo,+oo]
     v23 in [-oo,+oo]
     v24 in [-oo,+oo]
     v25 in [-oo,+oo]
     v26 in [-oo,+oo]
     v27 in [-oo,+oo]
     v28 in [-oo,+oo]
     v29 in [-oo,+oo]
      v3 in [-oo,+oo]
     v30 in [-oo,+oo]
     v31 in [0,1]
     v32 in [0,0]
     v33 in [0,0]
     v34 in [0,0]
     v35 in [0,0]
     v36 in [0,0]
     v37 in [0,0]
     v38 in [0,0]
     v39 in [0,0]
      v4 in [-oo,+oo]
     v40 in [0,0]
     v41 in [0,0]
     v42 in [0,0]
     v43 in [0,0]
     v44 in [0,0]
     v45 in [0,0]
     v46 in [0,0]
     v47 in [0,0]
     v48 in [0,0]
     v49 in [-oo,+oo]
      v5 in [-oo,+oo]
     v50 in [-oo,+oo]
     v51 in [-oo,+oo]
     v52 in [-oo,+oo]
     v53 in [-oo,+oo]
     v54 in [-oo,+oo]
     v55 in [-oo,+oo]
     v56 in [-oo,+oo]
     v57 in [-oo,+oo]
     v58 in [-oo,+oo]
     v59 in [-oo,+oo]
      v6 in [-oo,+oo]
      v7 in [-oo,+oo]
      v8 in [-oo,+oo]
      v9 in [-oo,+oo]

BasicBlock: 
if.end:                                           ; preds = %entry
  %1 = load i32, i32* @timerCount, align 4
  %cmp1 = icmp eq i32 %1, 0
  br i1 %cmp1, label %if.then2, label %if.end3
Facts: interval of dim (60,0):
      v0 in [0,0]
      v1 in [0,0]
     v10 in [-oo,+oo]
     v11 in [-oo,+oo]
     v12 in [-oo,+oo]
     v13 in [-oo,+oo]
     v14 in [-oo,+oo]
     v15 in [-oo,+oo]
     v16 in [-oo,+oo]
     v17 in [-oo,+oo]
     v18 in [-oo,+oo]
     v19 in [-oo,+oo]
      v2 in [-oo,+oo]
     v20 in [-oo,+oo]
     v21 in [-oo,+oo]
     v22 in [-oo,+oo]
     v23 in [-oo,+oo]
     v24 in [-oo,+oo]
     v25 in [-oo,+oo]
     v26 in [-oo,+oo]
     v27 in [-oo,+oo]
     v28 in [-oo,+oo]
     v29 in [-oo,+oo]
      v3 in [-oo,+oo]
     v30 in [-oo,+oo]
     v31 in [0,1]
     v32 in [0,0]
     v33 in [0,0]
     v34 in [0,0]
     v35 in [0,0]
     v36 in [0,0]
     v37 in [0,0]
     v38 in [0,0]
     v39 in [0,0]
      v4 in [-oo,+oo]
     v40 in [0,0]
     v41 in [0,0]
     v42 in [0,0]
     v43 in [0,0]
     v44 in [0,0]
     v45 in [0,0]
     v46 in [0,0]
     v47 in [0,0]
     v48 in [0,0]
     v49 in [-oo,+oo]
      v5 in [-oo,+oo]
     v50 in [-oo,+oo]
     v51 in [-oo,+oo]
     v52 in [-oo,+oo]
     v53 in [-oo,+oo]
     v54 in [-oo,+oo]
     v55 in [-oo,+oo]
     v56 in [-oo,+oo]
     v57 in [-oo,+oo]
     v58 in [-oo,+oo]
     v59 in [-oo,+oo]
      v6 in [-oo,+oo]
      v7 in [-oo,+oo]
      v8 in [-oo,+oo]
      v9 in [-oo,+oo]

BasicBlock: 
if.then2:                                         ; preds = %if.end
  %2 = load i32, i32* @LED_0, align 4
  %3 = load i32, i32* @LED_1, align 4
  %add = add nsw i32 %2, %3
  store i32 %add, i32* @P1OUT, align 4
  br label %if.end3
Facts: interval of dim (60,0):
      v0 in [0,0]
      v1 in [0,0]
     v10 in [-oo,+oo]
     v11 in [-oo,+oo]
     v12 in [-oo,+oo]
     v13 in [-oo,+oo]
     v14 in [-oo,+oo]
     v15 in [-oo,+oo]
     v16 in [-oo,+oo]
     v17 in [-oo,+oo]
     v18 in [-oo,+oo]
     v19 in [-oo,+oo]
      v2 in [0,0]
     v20 in [-oo,+oo]
     v21 in [-oo,+oo]
     v22 in [-oo,+oo]
     v23 in [-oo,+oo]
     v24 in [-oo,+oo]
     v25 in [-oo,+oo]
     v26 in [-oo,+oo]
     v27 in [-oo,+oo]
     v28 in [-oo,+oo]
     v29 in [-oo,+oo]
      v3 in [1,1]
     v30 in [-oo,+oo]
     v31 in [0,1]
     v32 in [0,0]
     v33 in [0,0]
     v34 in [0,0]
     v35 in [0,0]
     v36 in [0,0]
     v37 in [0,0]
     v38 in [0,0]
     v39 in [0,0]
      v4 in [-oo,+oo]
     v40 in [0,0]
     v41 in [0,0]
     v42 in [0,0]
     v43 in [0,0]
     v44 in [0,0]
     v45 in [0,0]
     v46 in [0,0]
     v47 in [0,0]
     v48 in [0,0]
     v49 in [-oo,+oo]
      v5 in [-oo,+oo]
     v50 in [-oo,+oo]
     v51 in [-oo,+oo]
     v52 in [-oo,+oo]
     v53 in [-oo,+oo]
     v54 in [-oo,+oo]
     v55 in [-oo,+oo]
     v56 in [-oo,+oo]
     v57 in [-oo,+oo]
     v58 in [-oo,+oo]
     v59 in [-oo,+oo]
      v6 in [-oo,+oo]
      v7 in [-oo,+oo]
      v8 in [-oo,+oo]
      v9 in [-oo,+oo]

BasicBlock: 
if.end3:                                          ; preds = %if.then2, %if.end
  ret i8* undef
Facts: interval of dim (60,0):
      v0 in [0,0]
      v1 in [0,0]
     v10 in [-oo,+oo]
     v11 in [-oo,+oo]
     v12 in [-oo,+oo]
     v13 in [-oo,+oo]
     v14 in [-oo,+oo]
     v15 in [-oo,+oo]
     v16 in [-oo,+oo]
     v17 in [-oo,+oo]
     v18 in [-oo,+oo]
     v19 in [-oo,+oo]
      v2 in [0,1]
     v20 in [-oo,+oo]
     v21 in [-oo,+oo]
     v22 in [-oo,+oo]
     v23 in [-oo,+oo]
     v24 in [-oo,+oo]
     v25 in [-oo,+oo]
     v26 in [-oo,+oo]
     v27 in [-oo,+oo]
     v28 in [-oo,+oo]
     v29 in [-oo,+oo]
      v3 in [0,1]
     v30 in [-oo,+oo]
     v31 in [0,1]
     v32 in [0,0]
     v33 in [0,0]
     v34 in [0,0]
     v35 in [0,0]
     v36 in [0,0]
     v37 in [0,0]
     v38 in [0,0]
     v39 in [0,0]
      v4 in [-oo,+oo]
     v40 in [0,0]
     v41 in [0,0]
     v42 in [0,0]
     v43 in [0,0]
     v44 in [0,0]
     v45 in [0,0]
     v46 in [0,0]
     v47 in [0,0]
     v48 in [0,0]
     v49 in [-oo,+oo]
      v5 in [-oo,+oo]
     v50 in [-oo,+oo]
     v51 in [-oo,+oo]
     v52 in [-oo,+oo]
     v53 in [-oo,+oo]
     v54 in [-oo,+oo]
     v55 in [-oo,+oo]
     v56 in [-oo,+oo]
     v57 in [-oo,+oo]
     v58 in [-oo,+oo]
     v59 in [-oo,+oo]
      v6 in [-oo,+oo]
      v7 in [-oo,+oo]
      v8 in [-oo,+oo]
      v9 in [-oo,+oo]

======================
==== Timer_B() Results ====
BasicBlock: 
entry:
  store i32 1, i32* @timerCount, align 4
  %0 = load i32, i32* @timerCount, align 4
  %cmp = icmp ne i32 %0, 0
  br i1 %cmp, label %if.then, label %if.end
Facts: interval of dim (60,0):
      v0 in [-oo,+oo]
      v1 in [-oo,+oo]
     v10 in [-oo,+oo]
     v11 in [-oo,+oo]
     v12 in [-oo,+oo]
     v13 in [-oo,+oo]
     v14 in [-oo,+oo]
     v15 in [-oo,+oo]
     v16 in [-oo,+oo]
     v17 in [-oo,+oo]
     v18 in [-oo,+oo]
     v19 in [-oo,+oo]
      v2 in [-oo,+oo]
     v20 in [-oo,+oo]
     v21 in [-oo,+oo]
     v22 in [-oo,+oo]
     v23 in [-oo,+oo]
     v24 in [-oo,+oo]
     v25 in [-oo,+oo]
     v26 in [-oo,+oo]
     v27 in [-oo,+oo]
     v28 in [-oo,+oo]
     v29 in [-oo,+oo]
      v3 in [-oo,+oo]
     v30 in [-oo,+oo]
     v31 in [0,0]
     v32 in [0,0]
     v33 in [0,0]
     v34 in [0,0]
     v35 in [0,0]
     v36 in [0,0]
     v37 in [0,0]
     v38 in [0,0]
     v39 in [0,0]
      v4 in [-oo,+oo]
     v40 in [0,0]
     v41 in [0,0]
     v42 in [0,0]
     v43 in [0,0]
     v44 in [0,0]
     v45 in [0,0]
     v46 in [0,0]
     v47 in [0,0]
     v48 in [0,0]
     v49 in [-oo,+oo]
      v5 in [-oo,+oo]
     v50 in [-oo,+oo]
     v51 in [-oo,+oo]
     v52 in [-oo,+oo]
     v53 in [-oo,+oo]
     v54 in [-oo,+oo]
     v55 in [-oo,+oo]
     v56 in [-oo,+oo]
     v57 in [-oo,+oo]
     v58 in [-oo,+oo]
     v59 in [-oo,+oo]
      v6 in [-oo,+oo]
      v7 in [-oo,+oo]
      v8 in [-oo,+oo]
      v9 in [-oo,+oo]

BasicBlock: 
if.then:                                          ; preds = %entry
  call void @__assert_fail(i8* getelementptr inbounds ([2 x i8], [2 x i8]* @.str, i32 0, i32 0), i8* getelementptr inbounds ([7 x i8], [7 x i8]* @.str.1, i32 0, i32 0), i32 119, i8* getelementptr inbounds ([22 x i8], [22 x i8]* @__PRETTY_FUNCTION__.Timer_B, i32 0, i32 0)) #3
  unreachable
Facts: interval of dim (60,0):
      v0 in [-oo,+oo]
      v1 in [-oo,+oo]
     v10 in [-oo,+oo]
     v11 in [-oo,+oo]
     v12 in [-oo,+oo]
     v13 in [-oo,+oo]
     v14 in [-oo,+oo]
     v15 in [-oo,+oo]
     v16 in [-oo,+oo]
     v17 in [-oo,+oo]
     v18 in [-oo,+oo]
     v19 in [-oo,+oo]
      v2 in [-oo,+oo]
     v20 in [-oo,+oo]
     v21 in [-oo,+oo]
     v22 in [-oo,+oo]
     v23 in [-oo,+oo]
     v24 in [-oo,+oo]
     v25 in [-oo,+oo]
     v26 in [-oo,+oo]
     v27 in [-oo,+oo]
     v28 in [-oo,+oo]
     v29 in [-oo,+oo]
      v3 in [-oo,+oo]
     v30 in [-oo,+oo]
     v31 in [0,1]
     v32 in [0,0]
     v33 in [0,0]
     v34 in [0,0]
     v35 in [0,0]
     v36 in [0,0]
     v37 in [0,0]
     v38 in [0,0]
     v39 in [0,0]
      v4 in [-oo,+oo]
     v40 in [0,0]
     v41 in [0,0]
     v42 in [0,0]
     v43 in [0,0]
     v44 in [0,0]
     v45 in [0,0]
     v46 in [0,0]
     v47 in [0,0]
     v48 in [0,0]
     v49 in [-oo,+oo]
      v5 in [-oo,+oo]
     v50 in [-oo,+oo]
     v51 in [-oo,+oo]
     v52 in [-oo,+oo]
     v53 in [-oo,+oo]
     v54 in [-oo,+oo]
     v55 in [-oo,+oo]
     v56 in [-oo,+oo]
     v57 in [-oo,+oo]
     v58 in [-oo,+oo]
     v59 in [-oo,+oo]
      v6 in [-oo,+oo]
      v7 in [0,1]
      v8 in [1,1]
      v9 in [-oo,+oo]

BasicBlock: 
if.end:                                           ; preds = %entry
  %1 = load i32, i32* @timerCount, align 4
  %cmp1 = icmp eq i32 %1, 0
  br i1 %cmp1, label %if.then2, label %if.end3
Facts: interval of dim (60,0):
      v0 in [-oo,+oo]
      v1 in [-oo,+oo]
     v10 in [-oo,+oo]
     v11 in [-oo,+oo]
     v12 in [-oo,+oo]
     v13 in [-oo,+oo]
     v14 in [-oo,+oo]
     v15 in [-oo,+oo]
     v16 in [-oo,+oo]
     v17 in [-oo,+oo]
     v18 in [-oo,+oo]
     v19 in [-oo,+oo]
      v2 in [-oo,+oo]
     v20 in [-oo,+oo]
     v21 in [-oo,+oo]
     v22 in [-oo,+oo]
     v23 in [-oo,+oo]
     v24 in [-oo,+oo]
     v25 in [-oo,+oo]
     v26 in [-oo,+oo]
     v27 in [-oo,+oo]
     v28 in [-oo,+oo]
     v29 in [-oo,+oo]
      v3 in [-oo,+oo]
     v30 in [-oo,+oo]
     v31 in [0,1]
     v32 in [0,0]
     v33 in [0,0]
     v34 in [0,0]
     v35 in [0,0]
     v36 in [0,0]
     v37 in [0,0]
     v38 in [0,0]
     v39 in [0,0]
      v4 in [-oo,+oo]
     v40 in [0,0]
     v41 in [0,0]
     v42 in [0,0]
     v43 in [0,0]
     v44 in [0,0]
     v45 in [0,0]
     v46 in [0,0]
     v47 in [0,0]
     v48 in [0,0]
     v49 in [-oo,+oo]
      v5 in [-oo,+oo]
     v50 in [-oo,+oo]
     v51 in [-oo,+oo]
     v52 in [-oo,+oo]
     v53 in [-oo,+oo]
     v54 in [-oo,+oo]
     v55 in [-oo,+oo]
     v56 in [-oo,+oo]
     v57 in [-oo,+oo]
     v58 in [-oo,+oo]
     v59 in [-oo,+oo]
      v6 in [-oo,+oo]
      v7 in [0,0]
      v8 in [0,0]
      v9 in [-oo,+oo]

BasicBlock: 
if.then2:                                         ; preds = %if.end
  %2 = load i32, i32* @LED_0, align 4
  store i32 %2, i32* @P1OUT, align 4
  br label %if.end3
Facts: interval of dim (60,0):
      v0 in [-oo,+oo]
      v1 in [-oo,+oo]
     v10 in [1,1]
     v11 in [-oo,+oo]
     v12 in [-oo,+oo]
     v13 in [-oo,+oo]
     v14 in [-oo,+oo]
     v15 in [-oo,+oo]
     v16 in [-oo,+oo]
     v17 in [-oo,+oo]
     v18 in [-oo,+oo]
     v19 in [-oo,+oo]
      v2 in [-oo,+oo]
     v20 in [-oo,+oo]
     v21 in [-oo,+oo]
     v22 in [-oo,+oo]
     v23 in [-oo,+oo]
     v24 in [-oo,+oo]
     v25 in [-oo,+oo]
     v26 in [-oo,+oo]
     v27 in [-oo,+oo]
     v28 in [-oo,+oo]
     v29 in [-oo,+oo]
      v3 in [-oo,+oo]
     v30 in [-oo,+oo]
     v31 in [0,1]
     v32 in [0,0]
     v33 in [0,0]
     v34 in [0,0]
     v35 in [0,0]
     v36 in [0,0]
     v37 in [0,0]
     v38 in [0,0]
     v39 in [0,0]
      v4 in [-oo,+oo]
     v40 in [0,0]
     v41 in [0,0]
     v42 in [0,0]
     v43 in [0,0]
     v44 in [0,0]
     v45 in [0,0]
     v46 in [0,0]
     v47 in [0,0]
     v48 in [0,0]
     v49 in [-oo,+oo]
      v5 in [-oo,+oo]
     v50 in [-oo,+oo]
     v51 in [-oo,+oo]
     v52 in [-oo,+oo]
     v53 in [-oo,+oo]
     v54 in [-oo,+oo]
     v55 in [-oo,+oo]
     v56 in [-oo,+oo]
     v57 in [-oo,+oo]
     v58 in [-oo,+oo]
     v59 in [-oo,+oo]
      v6 in [-oo,+oo]
      v7 in [0,0]
      v8 in [0,0]
      v9 in [0,0]

BasicBlock: 
if.end3:                                          ; preds = %if.then2, %if.end
  ret i8* undef
Facts: interval of dim (60,0):
      v0 in [-oo,+oo]
      v1 in [-oo,+oo]
     v10 in [0,1]
     v11 in [-oo,+oo]
     v12 in [-oo,+oo]
     v13 in [-oo,+oo]
     v14 in [-oo,+oo]
     v15 in [-oo,+oo]
     v16 in [-oo,+oo]
     v17 in [-oo,+oo]
     v18 in [-oo,+oo]
     v19 in [-oo,+oo]
      v2 in [-oo,+oo]
     v20 in [-oo,+oo]
     v21 in [-oo,+oo]
     v22 in [-oo,+oo]
     v23 in [-oo,+oo]
     v24 in [-oo,+oo]
     v25 in [-oo,+oo]
     v26 in [-oo,+oo]
     v27 in [-oo,+oo]
     v28 in [-oo,+oo]
     v29 in [-oo,+oo]
      v3 in [-oo,+oo]
     v30 in [-oo,+oo]
     v31 in [0,1]
     v32 in [0,0]
     v33 in [0,0]
     v34 in [0,0]
     v35 in [0,0]
     v36 in [0,0]
     v37 in [0,0]
     v38 in [0,0]
     v39 in [0,0]
      v4 in [-oo,+oo]
     v40 in [0,0]
     v41 in [0,0]
     v42 in [0,0]
     v43 in [0,0]
     v44 in [0,0]
     v45 in [0,0]
     v46 in [0,0]
     v47 in [0,0]
     v48 in [0,0]
     v49 in [-oo,+oo]
      v5 in [-oo,+oo]
     v50 in [-oo,+oo]
     v51 in [-oo,+oo]
     v52 in [-oo,+oo]
     v53 in [-oo,+oo]
     v54 in [-oo,+oo]
     v55 in [-oo,+oo]
     v56 in [-oo,+oo]
     v57 in [-oo,+oo]
     v58 in [-oo,+oo]
     v59 in [-oo,+oo]
      v6 in [-oo,+oo]
      v7 in [0,0]
      v8 in [0,0]
      v9 in [0,1]

======================
==== Timer_Force() Results ====
BasicBlock: 
if.end:                                           ; preds = %entry
  store i32 1, i32* @timerCount, align 4
  ret i8* undef
Facts: interval of dim (60,0):
      v0 in [-oo,+oo]
      v1 in [-oo,+oo]
     v10 in [-oo,+oo]
     v11 in [-oo,+oo]
     v12 in [0,0]
     v13 in [0,0]
     v14 in [-oo,+oo]
     v15 in [-oo,+oo]
     v16 in [-oo,+oo]
     v17 in [-oo,+oo]
     v18 in [-oo,+oo]
     v19 in [-oo,+oo]
      v2 in [-oo,+oo]
     v20 in [-oo,+oo]
     v21 in [-oo,+oo]
     v22 in [-oo,+oo]
     v23 in [-oo,+oo]
     v24 in [-oo,+oo]
     v25 in [-oo,+oo]
     v26 in [-oo,+oo]
     v27 in [-oo,+oo]
     v28 in [-oo,+oo]
     v29 in [-oo,+oo]
      v3 in [-oo,+oo]
     v30 in [-oo,+oo]
     v31 in [0,1]
     v32 in [0,0]
     v33 in [0,0]
     v34 in [0,0]
     v35 in [0,0]
     v36 in [0,0]
     v37 in [0,0]
     v38 in [0,0]
     v39 in [0,0]
      v4 in [-oo,+oo]
     v40 in [0,0]
     v41 in [0,0]
     v42 in [0,0]
     v43 in [0,0]
     v44 in [0,0]
     v45 in [0,0]
     v46 in [0,0]
     v47 in [0,0]
     v48 in [0,0]
     v49 in [-oo,+oo]
      v5 in [-oo,+oo]
     v50 in [-oo,+oo]
     v51 in [-oo,+oo]
     v52 in [-oo,+oo]
     v53 in [-oo,+oo]
     v54 in [-oo,+oo]
     v55 in [-oo,+oo]
     v56 in [-oo,+oo]
     v57 in [-oo,+oo]
     v58 in [-oo,+oo]
     v59 in [-oo,+oo]
      v6 in [-oo,+oo]
      v7 in [-oo,+oo]
      v8 in [-oo,+oo]
      v9 in [-oo,+oo]

BasicBlock: 
entry:
  store i32 0, i32* @timerCount, align 4
  %0 = load i32, i32* @timerCount, align 4
  %cmp = icmp ne i32 %0, 0
  br i1 %cmp, label %if.then, label %if.end
Facts: interval of dim (60,0):
      v0 in [-oo,+oo]
      v1 in [-oo,+oo]
     v10 in [-oo,+oo]
     v11 in [-oo,+oo]
     v12 in [-oo,+oo]
     v13 in [-oo,+oo]
     v14 in [-oo,+oo]
     v15 in [-oo,+oo]
     v16 in [-oo,+oo]
     v17 in [-oo,+oo]
     v18 in [-oo,+oo]
     v19 in [-oo,+oo]
      v2 in [-oo,+oo]
     v20 in [-oo,+oo]
     v21 in [-oo,+oo]
     v22 in [-oo,+oo]
     v23 in [-oo,+oo]
     v24 in [-oo,+oo]
     v25 in [-oo,+oo]
     v26 in [-oo,+oo]
     v27 in [-oo,+oo]
     v28 in [-oo,+oo]
     v29 in [-oo,+oo]
      v3 in [-oo,+oo]
     v30 in [-oo,+oo]
     v31 in [0,0]
     v32 in [0,0]
     v33 in [0,0]
     v34 in [0,0]
     v35 in [0,0]
     v36 in [0,0]
     v37 in [0,0]
     v38 in [0,0]
     v39 in [0,0]
      v4 in [-oo,+oo]
     v40 in [0,0]
     v41 in [0,0]
     v42 in [0,0]
     v43 in [0,0]
     v44 in [0,0]
     v45 in [0,0]
     v46 in [0,0]
     v47 in [0,0]
     v48 in [0,0]
     v49 in [-oo,+oo]
      v5 in [-oo,+oo]
     v50 in [-oo,+oo]
     v51 in [-oo,+oo]
     v52 in [-oo,+oo]
     v53 in [-oo,+oo]
     v54 in [-oo,+oo]
     v55 in [-oo,+oo]
     v56 in [-oo,+oo]
     v57 in [-oo,+oo]
     v58 in [-oo,+oo]
     v59 in [-oo,+oo]
      v6 in [-oo,+oo]
      v7 in [-oo,+oo]
      v8 in [-oo,+oo]
      v9 in [-oo,+oo]

BasicBlock: 
if.then:                                          ; preds = %entry
  call void @__assert_fail(i8* getelementptr inbounds ([2 x i8], [2 x i8]* @.str, i32 0, i32 0), i8* getelementptr inbounds ([7 x i8], [7 x i8]* @.str.1, i32 0, i32 0), i32 136, i8* getelementptr inbounds ([26 x i8], [26 x i8]* @__PRETTY_FUNCTION__.Timer_Force, i32 0, i32 0)) #3
  unreachable
Facts: interval of dim (60,0):
      v0 in [-oo,+oo]
      v1 in [-oo,+oo]
     v10 in [-oo,+oo]
     v11 in [-oo,+oo]
     v12 in [0,1]
     v13 in [1,1]
     v14 in [-oo,+oo]
     v15 in [-oo,+oo]
     v16 in [-oo,+oo]
     v17 in [-oo,+oo]
     v18 in [-oo,+oo]
     v19 in [-oo,+oo]
      v2 in [-oo,+oo]
     v20 in [-oo,+oo]
     v21 in [-oo,+oo]
     v22 in [-oo,+oo]
     v23 in [-oo,+oo]
     v24 in [-oo,+oo]
     v25 in [-oo,+oo]
     v26 in [-oo,+oo]
     v27 in [-oo,+oo]
     v28 in [-oo,+oo]
     v29 in [-oo,+oo]
      v3 in [-oo,+oo]
     v30 in [-oo,+oo]
     v31 in [0,1]
     v32 in [0,0]
     v33 in [0,0]
     v34 in [0,0]
     v35 in [0,0]
     v36 in [0,0]
     v37 in [0,0]
     v38 in [0,0]
     v39 in [0,0]
      v4 in [-oo,+oo]
     v40 in [0,0]
     v41 in [0,0]
     v42 in [0,0]
     v43 in [0,0]
     v44 in [0,0]
     v45 in [0,0]
     v46 in [0,0]
     v47 in [0,0]
     v48 in [0,0]
     v49 in [-oo,+oo]
      v5 in [-oo,+oo]
     v50 in [-oo,+oo]
     v51 in [-oo,+oo]
     v52 in [-oo,+oo]
     v53 in [-oo,+oo]
     v54 in [-oo,+oo]
     v55 in [-oo,+oo]
     v56 in [-oo,+oo]
     v57 in [-oo,+oo]
     v58 in [-oo,+oo]
     v59 in [-oo,+oo]
      v6 in [-oo,+oo]
      v7 in [-oo,+oo]
      v8 in [-oo,+oo]
      v9 in [-oo,+oo]

======================
==== main() Results ====
BasicBlock: 
entry:
  %t1 = alloca i64, align 8
  %t2 = alloca i64, align 8
  %t3 = alloca i64, align 8
  %0 = load i32, i32* @WDTPW, align 4
  %1 = load i32, i32* @WDTHOLD, align 4
  %add = add nsw i32 %0, %1
  store i32 %add, i32* @WDTCTL, align 4
  %2 = load i32, i32* @LED_0, align 4
  %3 = load i32, i32* @LED_1, align 4
  %add1 = add nsw i32 %2, %3
  store i32 %add1, i32* @LED_DIR, align 4
  %4 = load i32, i32* @LED_0, align 4
  %5 = load i32, i32* @LED_1, align 4
  %add2 = add nsw i32 %4, %5
  %add3 = add nsw i32 1, %add2
  store i32 %add3, i32* @LED_OUT, align 4
  %6 = load i32, i32* @CCIE, align 4
  store i32 %6, i32* @CCTL0, align 4
  %7 = load i32, i32* @TASSEL_2, align 4
  %8 = load i32, i32* @MC_2, align 4
  %add4 = add nsw i32 %7, %8
  store i32 %add4, i32* @TACTL, align 4
  store i32 0, i32* @timerCount, align 4
  %call = call i32 @pthread_create(i64* %t1, %union.pthread_attr_t* null, i8* (i8*)* @Timer_A, i8* null) #3
  %call5 = call i32 @pthread_create(i64* %t2, %union.pthread_attr_t* null, i8* (i8*)* @Timer_B, i8* null) #3
  %call6 = call i32 @pthread_create(i64* %t3, %union.pthread_attr_t* null, i8* (i8*)* @Timer_Force, i8* null) #3
  ret i32 0
Facts: interval of dim (60,0):
      v0 in [-oo,+oo]
      v1 in [-oo,+oo]
     v10 in [-oo,+oo]
     v11 in [-oo,+oo]
     v12 in [-oo,+oo]
     v13 in [-oo,+oo]
     v14 in [-oo,+oo]
     v15 in [-oo,+oo]
     v16 in [-oo,+oo]
     v17 in [-oo,+oo]
     v18 in [-oo,+oo]
     v19 in [-oo,+oo]
      v2 in [-oo,+oo]
     v20 in [-oo,+oo]
     v21 in [-oo,+oo]
     v22 in [-oo,+oo]
     v23 in [-oo,+oo]
     v24 in [-oo,+oo]
     v25 in [-oo,+oo]
     v26 in [-oo,+oo]
     v27 in [-oo,+oo]
     v28 in [-oo,+oo]
     v29 in [-oo,+oo]
      v3 in [-oo,+oo]
     v30 in [-oo,+oo]
     v31 in [0,0]
     v32 in [0,0]
     v33 in [0,0]
     v34 in [0,0]
     v35 in [0,0]
     v36 in [0,0]
     v37 in [0,0]
     v38 in [0,0]
     v39 in [0,0]
      v4 in [-oo,+oo]
     v40 in [0,0]
     v41 in [0,0]
     v42 in [0,0]
     v43 in [0,0]
     v44 in [0,0]
     v45 in [0,0]
     v46 in [0,0]
     v47 in [0,0]
     v48 in [0,0]
     v49 in [-oo,+oo]
      v5 in [-oo,+oo]
     v50 in [-oo,+oo]
     v51 in [-oo,+oo]
     v52 in [-oo,+oo]
     v53 in [-oo,+oo]
     v54 in [-oo,+oo]
     v55 in [-oo,+oo]
     v56 in [-oo,+oo]
     v57 in [-oo,+oo]
     v58 in [-oo,+oo]
     v59 in [-oo,+oo]
      v6 in [-oo,+oo]
      v7 in [-oo,+oo]
      v8 in [-oo,+oo]
      v9 in [-oo,+oo]

======================
[WARNING] Value not dumped to metadata: @timerCount = global i32 0, align 4
	type not handled
[WARNING] Value not dumped to metadata: @LED_0 = common global i32 0, align 4
	type not handled
[WARNING] Value not dumped to metadata: @LED_1 = common global i32 0, align 4
	type not handled
[WARNING] Value not dumped to metadata: @P1OUT = common global i32 0, align 4
	type not handled
Errors found: 3
Max Permutations: 0
Total pairs: 0
Filtered pairs: 0
